
> cxm-dashboard@0.1.0 build
> next build

Ôû▓ Next.js 16.1.6 (Turbopack)

  Creating an optimized production build ...
Ô£ô Compiled successfully in 8.3s
  Running TypeScript ...
node.exe : 
Failed to 
compile.
En línea: 1 
Carácter: 1
+ & "C:\Program F
iles\nodejs/node.
exe" "C:\Program 
Files\nodejs/node
_mo ...
+ ~~~~~~~~~~~~~~~
~~~~~~~~~~~~~~~~~
~~~~~~~~~~~~~~~~~
~~~~~~~~~~~~~~~~~
~~~
    + CategoryIn 
   fo            
  : NotSpecifi   
 ed: (Failed     
to compile.:    
String) [],     
RemoteExcept    
ion
    + FullyQuali 
   fiedErrorId   
  : NativeComm   
 andError
 

./src/components/
Dashboard.tsx:154
:79
Type error: 
'percent' is 
possibly 
'undefined'.

[0m [90m 152 
|[39m           
                 
         paddingA
ngle[33m=[39m{
[35m5[39m}
 [90m 153 
|[39m           
                 
         dataKey
[33m=[39m[32m"v
alue"[39m
[31m[1m>[22m[
39m[90m 154 
|[39m           
                 
         label[3
3m=[39m{({ 
name[33m,[39m 
percent }) 
[33m=>[39m 
[32m`${name} 
${(percent * 100)
.toFixed(0)}%`[3
9m}
 [90m     
|[39m           
                 
                 
                 
                 
[31m[1m^[22m[
39m
 [90m 155 
|[39m           
                 
     [33m>[39m
 [90m 156 
|[39m           
                 
         {natureD
ata[33m.[39mmap
((entry[33m,[39
m index) 
[33m=>[39m (
 [90m 157 
|[39m           
                 
             [33
m<[39m[33mCell
[39m key[33m=[3
9m{[32m`cell-${i
ndex}`[39m} fill
[33m=[39m{[33m
COLORS[39m[index
 [33m%[39m [33
mCOLORS[39m[33m
.[39mlength]} [
33m/[39m[33m>[
39m[0m
Next.js build 
worker exited 
with code: 1 and 
signal: null
