src/components/Dashboard.tsx(154,79): error TS18048: 'percent' is possibly 'undefined'.
